C:\Users\User\IdeaProjects\TestPlugin\src\main\java\me\tendine\commands\Teleport.java
C:\Users\User\IdeaProjects\TestPlugin\src\main\java\me\tendine\commands\HelpCommand.java
C:\Users\User\IdeaProjects\TestPlugin\src\main\java\me\tendine\commands\FlyCommand.java
C:\Users\User\IdeaProjects\TestPlugin\src\main\java\me\tendine\commands\SetSpawn.java
C:\Users\User\IdeaProjects\TestPlugin\src\main\java\me\tendine\TestPlugin.java
C:\Users\User\IdeaProjects\TestPlugin\src\main\java\me\tendine\commands\AntiBuild.java
C:\Users\User\IdeaProjects\TestPlugin\src\main\java\me\tendine\commands\Spawn.java
C:\Users\User\IdeaProjects\TestPlugin\src\main\java\me\tendine\commands\MainCommand.java
C:\Users\User\IdeaProjects\TestPlugin\src\main\java\me\tendine\commands\SetHome.java
C:\Users\User\IdeaProjects\TestPlugin\src\main\java\me\tendine\listeners\FlyListener.java
C:\Users\User\IdeaProjects\TestPlugin\src\main\java\me\tendine\commands\Home.java
C:\Users\User\IdeaProjects\TestPlugin\src\main\java\me\tendine\commands\TeleportHere.java
C:\Users\User\IdeaProjects\TestPlugin\src\main\java\me\tendine\commands\Vanish.java
C:\Users\User\IdeaProjects\TestPlugin\src\main\java\me\tendine\listeners\BuildListener.java
